// Jest Snapshot v1, https://goo.gl/fbAQLP

exports[`Matched snapshot 1`] = `
<div
  className="App"
>
  <header
    className="App-header"
  >
    <p>
      Edit 
      <code>
        src/App.js
      </code>
       and save to reload.
    </p>
    <a
      className="App-link"
      href="https://reactjs.org"
      rel="noopener noreferrer"
      target="_blank"
    >
      Learn React
    </a>
  </header>
  <div>
    testbcvbcvbc 
    <button
      onClick={[Function]}
      type="button"
    >
      click
    </button>
    <hr />
    <span
      className="text"
    >
      this is text to show
    </span>
  </div>
</div>
`;
